// Vitest Snapshot v1, https://vitest.dev/guide/snapshot.html

exports[`ContentTypes > Only Admin users can create, update, delete and inspect content types > As Admin user > POST /content-types 1`] = `
{
  "children": [],
  "freezed": false,
  "name": "test01",
  "repeated": false,
  "slug": "test01",
  "type": "root",
}
`;
