// Jest Snapshot v1, https://goo.gl/fbAQLP

exports[`Content Only Admin users can create, update, delete and inspect content types As Admin user POST /contents 1`] = `
{
  "active": true,
  "config": [],
  "createdOn": "2023-11-18T09:30:26.540Z",
  "data": {},
  "depth": 1,
  "folderLocation": "/",
  "folderTarget": "/",
  "name": "foo",
  "slug": "foo",
  "type": "document",
  "updatedOn": "2023-11-18T09:30:26.540Z",
}
`;
