// Jest Snapshot v1, https://goo.gl/fbAQLP

exports[`Content Only Admin users can create, update, delete and inspect content types As Admin user POST /contents 1`] = `
{
  "active": true,
  "config": [],
  "data": null,
  "folderDepth": 0,
  "folderLocation": "/",
  "folderTarget": "",
  "isFolder": false,
  "name": "foo",
  "slug": "foo",
}
`;
